// Jest Snapshot v1, https://jestjs.io/docs/snapshot-testing

exports[`actionable error taxonomy keeps the stable messages and recovery anchors snapshot 1`] = `
[
  {
    "actions": [
      "open-config",
      "copy-diagnostics",
      "troubleshoot",
      "show-output",
    ],
    "id": "configuration.invalid",
    "nextStep": "Open sftp.json, fix the reported setting, and run the command again.",
    "retrySafety": "not-applicable",
    "section": "configuration",
    "severity": "error",
    "title": "Configuration needs attention",
  },
  {
    "actions": [
      "copy-diagnostics",
      "troubleshoot",
      "show-output",
    ],
    "id": "authentication.rejected",
    "nextStep": "Verify the username and credential source, then reconnect.",
    "retrySafety": "safe",
    "section": "authentication",
    "severity": "error",
    "title": "Authentication was rejected",
  },
  {
    "actions": [
      "copy-diagnostics",
      "troubleshoot",
      "show-output",
    ],
    "id": "network.unreachable",
    "nextStep": "Check the host, port, VPN, firewall, and server availability.",
    "retrySafety": "safe",
    "section": "network",
    "severity": "error",
    "title": "Server could not be reached",
  },
  {
    "actions": [
      "copy-diagnostics",
      "troubleshoot",
      "show-output",
    ],
    "id": "path.remote-unavailable",
    "nextStep": "Verify remotePath and the item path, including letter case.",
    "retrySafety": "safe",
    "section": "remote-paths",
    "severity": "error",
    "title": "Remote path is unavailable",
  },
  {
    "actions": [
      "copy-diagnostics",
      "troubleshoot",
      "show-output",
    ],
    "id": "path.local-unavailable",
    "nextStep": "Verify the workspace path and local filesystem access.",
    "retrySafety": "safe",
    "section": "local-paths",
    "severity": "error",
    "title": "Local path is unavailable",
  },
  {
    "actions": [
      "copy-diagnostics",
      "troubleshoot",
      "show-output",
    ],
    "id": "permission.denied",
    "nextStep": "Check server ownership/mode or Windows file access before trying again.",
    "retrySafety": "unsafe",
    "section": "permissions",
    "severity": "error",
    "title": "Permission was denied",
  },
  {
    "actions": [
      "copy-diagnostics",
      "troubleshoot",
      "show-output",
    ],
    "id": "host-key.changed",
    "nextStep": "Verify the fingerprint with the server owner, then update the known-host entry manually.",
    "retrySafety": "not-applicable",
    "section": "host-keys",
    "severity": "error",
    "title": "SSH host key changed",
  },
  {
    "actions": [
      "copy-diagnostics",
      "troubleshoot",
      "show-output",
    ],
    "id": "host-key.rejected",
    "nextStep": "Verify the fingerprint before reconnecting; it will not be accepted automatically.",
    "retrySafety": "not-applicable",
    "section": "host-keys",
    "severity": "information",
    "title": "SSH host key was not accepted",
  },
  {
    "actions": [
      "review-conflict",
      "copy-diagnostics",
      "troubleshoot",
      "show-output",
    ],
    "id": "ftp.timestamp-unavailable",
    "nextStep": "Review the captured conflict and compare both versions before overwriting.",
    "retrySafety": "not-applicable",
    "section": "ftp-timestamps",
    "severity": "warning",
    "title": "FTP timestamp is unavailable",
  },
  {
    "actions": [
      "review-conflict",
      "copy-diagnostics",
      "troubleshoot",
      "show-output",
    ],
    "id": "conflict.unresolved",
    "nextStep": "Open the diff and choose whether to keep or overwrite the remote version.",
    "retrySafety": "not-applicable",
    "section": "conflicts",
    "severity": "warning",
    "title": "Transfer conflict needs a decision",
  },
  {
    "actions": [
      "copy-diagnostics",
      "troubleshoot",
      "show-output",
    ],
    "id": "backup.overwrite-failed",
    "nextStep": "Verify the uploaded file and fix backup access; the previous remote text may not be recoverable.",
    "retrySafety": "unsafe",
    "section": "overwrite-backups",
    "severity": "warning",
    "title": "Upload completed without an overwrite backup",
  },
  {
    "actions": [
      "copy-diagnostics",
      "troubleshoot",
      "show-output",
    ],
    "id": "backup.delete-preflight-failed",
    "nextStep": "Review the copies already created, fix backup access, and start the delete again.",
    "retrySafety": "unsafe",
    "section": "delete-backups",
    "severity": "error",
    "title": "Delete stopped because backup failed",
  },
  {
    "actions": [
      "copy-diagnostics",
      "troubleshoot",
      "show-output",
    ],
    "id": "packaging.inspection-failed",
    "nextStep": "Review the redacted inspection output, fix the package contents, and rebuild locally.",
    "retrySafety": "safe",
    "section": "packaging",
    "severity": "error",
    "title": "Package inspection failed",
  },
  {
    "actions": [
      "copy-diagnostics",
      "troubleshoot",
      "show-output",
    ],
    "id": "transfer.failed",
    "nextStep": "Inspect the completed and failed queue entries before choosing a recovery action.",
    "retrySafety": "unsafe",
    "section": "transfers",
    "severity": "error",
    "title": "Transfer failed",
  },
  {
    "actions": [
      "copy-diagnostics",
      "troubleshoot",
      "show-output",
    ],
    "id": "operation.cancelled",
    "nextStep": "Review completed and cancelled queue entries before starting another operation.",
    "retrySafety": "not-applicable",
    "section": "partial-results",
    "severity": "information",
    "title": "Operation cancelled",
  },
  {
    "actions": [
      "copy-diagnostics",
      "troubleshoot",
      "show-output",
    ],
    "id": "operation.partial",
    "nextStep": "Review the retained queue entries and retry only operations documented as safe.",
    "retrySafety": "unsafe",
    "section": "partial-results",
    "severity": "warning",
    "title": "Operation finished with partial results",
  },
]
`;
